
> minimal-portfolio@0.1.0 build
> next build

Γû▓ Next.js 16.1.6 (Turbopack)
- Environments: .env

  Creating an optimized production build ...
node.exe : 
At line:1 char:1
+ & "C:\Program Files\nodejs/node.exe" 
"C:\Users\omsin\AppData\Roaming\ ...
+ ~~~~~~~~~~~~~~~~~~~~~~~~~~~~~~~~~~~~~~~~~~~~~~~~~
~~~~~~~~~~~~~~~~~~~~
    + CategoryInfo          : NotSpecified: (:Stri 
   ng) [], RemoteException
    + FullyQualifiedErrorId : NativeCommandError
 
> Build error occurred
Error: Turbopack build failed with 2 errors:
./src/components/EventSourcingDemo.tsx:5:1
Export ClockBackward doesn't exist in target module
[0m [90m 3 |[39m [36mimport[39m 
[33mReact[39m[33m,[39m { useState } 
[36mfrom[39m [32m"react"[39m[33m;[39m
 [90m 4 |[39m [36mimport[39m { 
motion[33m,[39m [33mAnimatePresence[39m } 
[36mfrom[39m [32m"framer-motion"[39m[33m;[39m
[31m[1m>[22m[39m[90m 5 |[39m 
[36mimport[39m { [33mBanknote[39m[33m,[39m 
[33mDatabaseZap[39m[33m,[39m 
[33mClockBackward[39m[33m,[39m 
[33mPlusCircle[39m[33m,[39m 
[33mMinusCircle[39m } [36mfrom[39m 
[32m"lucide-react"[39m[33m;[39m
 [90m   |[39m [31m[1m^[22m[39m[31m[1m^[22m
[39m[31m[1m^[22m[39m[31m[1m^[22m[39m[31m
[1m^[22m[39m[31m[1m^[22m[39m[31m[1m^[22m[
39m[31m[1m^[22m[39m[31m[1m^[22m[39m[31m[1
m^[22m[39m[31m[1m^[22m[39m[31m[1m^[22m[39
m[31m[1m^[22m[39m[31m[1m^[22m[39m[31m[1m^
[22m[39m[31m[1m^[22m[39m[31m[1m^[22m[39m
[31m[1m^[22m[39m[31m[1m^[22m[39m[31m[1m^[
22m[39m[31m[1m^[22m[39m[31m[1m^[22m[39m[3
1m[1m^[22m[39m[31m[1m^[22m[39m[31m[1m^[22
m[39m[31m[1m^[22m[39m[31m[1m^[22m[39m[31m
[1m^[22m[39m[31m[1m^[22m[39m[31m[1m^[22m
[39m[31m[1m^[22m[39m[31m[1m^[22m[39m[31m[
1m^[22m[39m[31m[1m^[22m[39m[31m[1m^[22m[3
9m[31m[1m^[22m[39m[31m[1m^[22m[39m[31m[1m
^[22m[39m[31m[1m^[22m[39m[31m[1m^[22m[39m
[31m[1m^[22m[39m[31m[1m^[22m[39m[31m[1m^
[22m[39m[31m[1m^[22m[39m[31m[1m^[22m[39m[
31m[1m^[22m[39m[31m[1m^[22m[39m[31m[1m^[2
2m[39m[31m[1m^[22m[39m[31m[1m^[22m[39m[31
m[1m^[22m[39m[31m[1m^[22m[39m[31m[1m^[22m
[39m[31m[1m^[22m[39m[31m[1m^[22m[39m[31m
[1m^[22m[39m[31m[1m^[22m[39m[31m[1m^[22m[
39m[31m[1m^[22m[39m[31m[1m^[22m[39m[31m[1
m^[22m[39m[31m[1m^[22m[39m[31m[1m^[22m[39
m[31m[1m^[22m[39m[31m[1m^[22m[39m[31m[1m^
[22m[39m[31m[1m^[22m[39m[31m[1m^[22m[39m
[31m[1m^[22m[39m[31m[1m^[22m[39m[31m[1m^[
22m[39m[31m[1m^[22m[39m[31m[1m^[22m[39m[3
1m[1m^[22m[39m[31m[1m^[22m[39m[31m[1m^[22
m[39m[31m[1m^[22m[39m[31m[1m^[22m[39m[31m
[1m^[22m[39m[31m[1m^[22m[39m[31m[1m^[22m
[39m[31m[1m^[22m[39m[31m[1m^[22m[39m[31m[
1m^[22m[39m[31m[1m^[22m[39m[31m[1m^[22m[3
9m[31m[1m^[22m[39m[31m[1m^[22m[39m[31m[1m
^[22m[39m[31m[1m^[22m[39m[31m[1m^[22m[39m
[31m[1m^[22m[39m[31m[1m^[22m[39m
 [90m 6 |[39m
 [90m 7 |[39m [36minterface[39m 
[33mBankEvent[39m {
 [90m 8 |[39m     id[33m:[39m 
string[33m;[39m[0m

The export ClockBackward was not found in module [p
roject]/node_modules/lucide-react/dist/esm/lucide-r
eact.js [app-client] (ecmascript).
Did you mean to import Clock?
All exports of the module are statically known (It 
doesn't have dynamic exports). So it's known 
statically that the requested export doesn't exist.

Import traces:
  Client Component Browser:
    ./src/components/EventSourcingDemo.tsx [Client 
Component Browser]
    ./src/components/Playground.tsx [Client 
Component Browser]
    ./src/app/playground/page.tsx [Client 
Component Browser]
    ./src/app/playground/page.tsx [Server 
Component]

  Client Component SSR:
    ./src/components/EventSourcingDemo.tsx [Client 
Component SSR]
    ./src/components/Playground.tsx [Client 
Component SSR]
    ./src/app/playground/page.tsx [Client 
Component SSR]
    ./src/app/playground/page.tsx [Server 
Component]


./src/components/EventSourcingDemo.tsx:5:1
Export ClockBackward doesn't exist in target module
[0m [90m 3 |[39m [36mimport[39m 
[33mReact[39m[33m,[39m { useState } 
[36mfrom[39m [32m"react"[39m[33m;[39m
 [90m 4 |[39m [36mimport[39m { 
motion[33m,[39m [33mAnimatePresence[39m } 
[36mfrom[39m [32m"framer-motion"[39m[33m;[39m
[31m[1m>[22m[39m[90m 5 |[39m 
[36mimport[39m { [33mBanknote[39m[33m,[39m 
[33mDatabaseZap[39m[33m,[39m 
[33mClockBackward[39m[33m,[39m 
[33mPlusCircle[39m[33m,[39m 
[33mMinusCircle[39m } [36mfrom[39m 
[32m"lucide-react"[39m[33m;[39m
 [90m   |[39m [31m[1m^[22m[39m[31m[1m^[22m
[39m[31m[1m^[22m[39m[31m[1m^[22m[39m[31m
[1m^[22m[39m[31m[1m^[22m[39m[31m[1m^[22m[
39m[31m[1m^[22m[39m[31m[1m^[22m[39m[31m[1
m^[22m[39m[31m[1m^[22m[39m[31m[1m^[22m[39
m[31m[1m^[22m[39m[31m[1m^[22m[39m[31m[1m^
[22m[39m[31m[1m^[22m[39m[31m[1m^[22m[39m
[31m[1m^[22m[39m[31m[1m^[22m[39m[31m[1m^[
22m[39m[31m[1m^[22m[39m[31m[1m^[22m[39m[3
1m[1m^[22m[39m[31m[1m^[22m[39m[31m[1m^[22
m[39m[31m[1m^[22m[39m[31m[1m^[22m[39m[31m
[1m^[22m[39m[31m[1m^[22m[39m[31m[1m^[22m
[39m[31m[1m^[22m[39m[31m[1m^[22m[39m[31m[
1m^[22m[39m[31m[1m^[22m[39m[31m[1m^[22m[3
9m[31m[1m^[22m[39m[31m[1m^[22m[39m[31m[1m
^[22m[39m[31m[1m^[22m[39m[31m[1m^[22m[39m
[31m[1m^[22m[39m[31m[1m^[22m[39m[31m[1m^
[22m[39m[31m[1m^[22m[39m[31m[1m^[22m[39m[
31m[1m^[22m[39m[31m[1m^[22m[39m[31m[1m^[2
2m[39m[31m[1m^[22m[39m[31m[1m^[22m[39m[31
m[1m^[22m[39m[31m[1m^[22m[39m[31m[1m^[22m
[39m[31m[1m^[22m[39m[31m[1m^[22m[39m[31m
[1m^[22m[39m[31m[1m^[22m[39m[31m[1m^[22m[
39m[31m[1m^[22m[39m[31m[1m^[22m[39m[31m[1
m^[22m[39m[31m[1m^[22m[39m[31m[1m^[22m[39
m[31m[1m^[22m[39m[31m[1m^[22m[39m[31m[1m^
[22m[39m[31m[1m^[22m[39m[31m[1m^[22m[39m
[31m[1m^[22m[39m[31m[1m^[22m[39m[31m[1m^[
22m[39m[31m[1m^[22m[39m[31m[1m^[22m[39m[3
1m[1m^[22m[39m[31m[1m^[22m[39m[31m[1m^[22
m[39m[31m[1m^[22m[39m[31m[1m^[22m[39m[31m
[1m^[22m[39m[31m[1m^[22m[39m[31m[1m^[22m
[39m[31m[1m^[22m[39m[31m[1m^[22m[39m[31m[
1m^[22m[39m[31m[1m^[22m[39m[31m[1m^[22m[3
9m[31m[1m^[22m[39m[31m[1m^[22m[39m[31m[1m
^[22m[39m[31m[1m^[22m[39m[31m[1m^[22m[39m
[31m[1m^[22m[39m[31m[1m^[22m[39m
 [90m 6 |[39m
 [90m 7 |[39m [36minterface[39m 
[33mBankEvent[39m {
 [90m 8 |[39m     id[33m:[39m 
string[33m;[39m[0m

The export ClockBackward was not found in module [p
roject]/node_modules/lucide-react/dist/esm/lucide-r
eact.js [app-ssr] (ecmascript).
Did you mean to import Clock?
All exports of the module are statically known (It 
doesn't have dynamic exports). So it's known 
statically that the requested export doesn't exist.

Import traces:
  Client Component Browser:
    ./src/components/EventSourcingDemo.tsx [Client 
Component Browser]
    ./src/components/Playground.tsx [Client 
Component Browser]
    ./src/app/playground/page.tsx [Client 
Component Browser]
    ./src/app/playground/page.tsx [Server 
Component]

  Client Component SSR:
    ./src/components/EventSourcingDemo.tsx [Client 
Component SSR]
    ./src/components/Playground.tsx [Client 
Component SSR]
    ./src/app/playground/page.tsx [Client 
Component SSR]
    ./src/app/playground/page.tsx [Server 
Component]


    at <unknown> 
(./src/components/EventSourcingDemo.tsx:5:1)
    at <unknown> 
(./src/components/EventSourcingDemo.tsx:5:1)
